// Vitest Snapshot v1, https://vitest.dev/guide/snapshot.html

exports[`RxDB changes > beginAt changes > beginAt of finished 2 changed 1`] = `
<div>
  <div
    class="actionLogList_container"
  >
    <div
      class="actionLog_container"
    >
      <span
        class="actionLog_beginAt"
      >
        09:00:00
      </span>
      <span
        class="actionLog_waveDash"
      >
        ～
      </span>
      <span
        class="actionLog_endAt"
      >
        09:00:00
      </span>
      <span
        class="actionLog_text"
      >
        finished 2
      </span>
    </div>
    <div
      class="actionLog_container"
    >
      <span
        class="actionLog_beginAt"
      >
        09:00:00
      </span>
      <span
        class="actionLog_waveDash"
      >
        ～
      </span>
      <span
        class="actionLog_endAt"
      >
        09:00:00
      </span>
      <span
        class="actionLog_text"
      >
        finished 1
      </span>
    </div>
    <div
      class="actionLog_container"
    >
      <span
        class="actionLog_beginAt"
      >
        09:00:00
      </span>
      <span
        class="actionLog_waveDash"
      >
        ～
      </span>
      <span
        class="actionLog_endAt"
      >
        N/A
      </span>
      <span
        class="actionLog_text"
      >
        ongoing 1
      </span>
    </div>
    <div
      class="actionLog_container"
    >
      <span
        class="actionLog_beginAt"
      >
        09:00:00
      </span>
      <span
        class="actionLog_waveDash"
      >
        ～
      </span>
      <span
        class="actionLog_endAt"
      >
        N/A
      </span>
      <span
        class="actionLog_text"
      >
        ongoing 2
      </span>
    </div>
    <div
      class="actionLog_container"
    >
      <span
        class="actionLog_beginAt"
      >
        N/A
      </span>
      <span
        class="actionLog_waveDash"
      >
        ～
      </span>
      <span
        class="actionLog_endAt"
      >
        N/A
      </span>
      <span
        class="actionLog_text"
      >
        tentative 1
      </span>
    </div>
    <div
      class="actionLog_container"
    >
      <span
        class="actionLog_beginAt"
      >
        N/A
      </span>
      <span
        class="actionLog_waveDash"
      >
        ～
      </span>
      <span
        class="actionLog_endAt"
      >
        N/A
      </span>
      <span
        class="actionLog_text"
      >
        tentative 2
      </span>
    </div>
  </div>
</div>
`;

exports[`RxDB changes > beginAt changes > beginAt of ongoing 2 changed 1`] = `
<div>
  <div
    class="actionLogList_container"
  >
    <div
      class="actionLog_container"
    >
      <span
        class="actionLog_beginAt"
      >
        09:00:00
      </span>
      <span
        class="actionLog_waveDash"
      >
        ～
      </span>
      <span
        class="actionLog_endAt"
      >
        09:00:00
      </span>
      <span
        class="actionLog_text"
      >
        finished 2
      </span>
    </div>
    <div
      class="actionLog_container"
    >
      <span
        class="actionLog_beginAt"
      >
        09:00:00
      </span>
      <span
        class="actionLog_waveDash"
      >
        ～
      </span>
      <span
        class="actionLog_endAt"
      >
        09:00:00
      </span>
      <span
        class="actionLog_text"
      >
        finished 1
      </span>
    </div>
    <div
      class="actionLog_container"
    >
      <span
        class="actionLog_beginAt"
      >
        09:00:00
      </span>
      <span
        class="actionLog_waveDash"
      >
        ～
      </span>
      <span
        class="actionLog_endAt"
      >
        N/A
      </span>
      <span
        class="actionLog_text"
      >
        ongoing 2
      </span>
    </div>
    <div
      class="actionLog_container"
    >
      <span
        class="actionLog_beginAt"
      >
        09:00:00
      </span>
      <span
        class="actionLog_waveDash"
      >
        ～
      </span>
      <span
        class="actionLog_endAt"
      >
        N/A
      </span>
      <span
        class="actionLog_text"
      >
        ongoing 1
      </span>
    </div>
    <div
      class="actionLog_container"
    >
      <span
        class="actionLog_beginAt"
      >
        N/A
      </span>
      <span
        class="actionLog_waveDash"
      >
        ～
      </span>
      <span
        class="actionLog_endAt"
      >
        N/A
      </span>
      <span
        class="actionLog_text"
      >
        tentative 1
      </span>
    </div>
    <div
      class="actionLog_container"
    >
      <span
        class="actionLog_beginAt"
      >
        N/A
      </span>
      <span
        class="actionLog_waveDash"
      >
        ～
      </span>
      <span
        class="actionLog_endAt"
      >
        N/A
      </span>
      <span
        class="actionLog_text"
      >
        tentative 2
      </span>
    </div>
  </div>
</div>
`;

exports[`RxDB changes > beginAt changes > beginAt of tentative 2 changed 1`] = `
<div>
  <div
    class="actionLogList_container"
  >
    <div
      class="actionLog_container"
    >
      <span
        class="actionLog_beginAt"
      >
        09:00:00
      </span>
      <span
        class="actionLog_waveDash"
      >
        ～
      </span>
      <span
        class="actionLog_endAt"
      >
        09:00:00
      </span>
      <span
        class="actionLog_text"
      >
        finished 2
      </span>
    </div>
    <div
      class="actionLog_container"
    >
      <span
        class="actionLog_beginAt"
      >
        09:00:00
      </span>
      <span
        class="actionLog_waveDash"
      >
        ～
      </span>
      <span
        class="actionLog_endAt"
      >
        09:00:00
      </span>
      <span
        class="actionLog_text"
      >
        finished 1
      </span>
    </div>
    <div
      class="actionLog_container"
    >
      <span
        class="actionLog_beginAt"
      >
        09:00:00
      </span>
      <span
        class="actionLog_waveDash"
      >
        ～
      </span>
      <span
        class="actionLog_endAt"
      >
        N/A
      </span>
      <span
        class="actionLog_text"
      >
        ongoing 2
      </span>
    </div>
    <div
      class="actionLog_container"
    >
      <span
        class="actionLog_beginAt"
      >
        09:00:00
      </span>
      <span
        class="actionLog_waveDash"
      >
        ～
      </span>
      <span
        class="actionLog_endAt"
      >
        N/A
      </span>
      <span
        class="actionLog_text"
      >
        tentative 2
      </span>
    </div>
    <div
      class="actionLog_container"
    >
      <span
        class="actionLog_beginAt"
      >
        09:00:00
      </span>
      <span
        class="actionLog_waveDash"
      >
        ～
      </span>
      <span
        class="actionLog_endAt"
      >
        N/A
      </span>
      <span
        class="actionLog_text"
      >
        ongoing 1
      </span>
    </div>
    <div
      class="actionLog_container"
    >
      <span
        class="actionLog_beginAt"
      >
        N/A
      </span>
      <span
        class="actionLog_waveDash"
      >
        ～
      </span>
      <span
        class="actionLog_endAt"
      >
        N/A
      </span>
      <span
        class="actionLog_text"
      >
        tentative 1
      </span>
    </div>
  </div>
</div>
`;

exports[`RxDB changes > beginAt changes > initial 1`] = `
<div>
  <div
    class="actionLogList_container"
  >
    <div
      class="actionLog_container"
    >
      <span
        class="actionLog_beginAt"
      >
        09:00:00
      </span>
      <span
        class="actionLog_waveDash"
      >
        ～
      </span>
      <span
        class="actionLog_endAt"
      >
        09:00:00
      </span>
      <span
        class="actionLog_text"
      >
        finished 1
      </span>
    </div>
    <div
      class="actionLog_container"
    >
      <span
        class="actionLog_beginAt"
      >
        09:00:00
      </span>
      <span
        class="actionLog_waveDash"
      >
        ～
      </span>
      <span
        class="actionLog_endAt"
      >
        09:00:00
      </span>
      <span
        class="actionLog_text"
      >
        finished 2
      </span>
    </div>
    <div
      class="actionLog_container"
    >
      <span
        class="actionLog_beginAt"
      >
        09:00:00
      </span>
      <span
        class="actionLog_waveDash"
      >
        ～
      </span>
      <span
        class="actionLog_endAt"
      >
        N/A
      </span>
      <span
        class="actionLog_text"
      >
        ongoing 1
      </span>
    </div>
    <div
      class="actionLog_container"
    >
      <span
        class="actionLog_beginAt"
      >
        09:00:00
      </span>
      <span
        class="actionLog_waveDash"
      >
        ～
      </span>
      <span
        class="actionLog_endAt"
      >
        N/A
      </span>
      <span
        class="actionLog_text"
      >
        ongoing 2
      </span>
    </div>
    <div
      class="actionLog_container"
    >
      <span
        class="actionLog_beginAt"
      >
        N/A
      </span>
      <span
        class="actionLog_waveDash"
      >
        ～
      </span>
      <span
        class="actionLog_endAt"
      >
        N/A
      </span>
      <span
        class="actionLog_text"
      >
        tentative 1
      </span>
    </div>
    <div
      class="actionLog_container"
    >
      <span
        class="actionLog_beginAt"
      >
        N/A
      </span>
      <span
        class="actionLog_waveDash"
      >
        ～
      </span>
      <span
        class="actionLog_endAt"
      >
        N/A
      </span>
      <span
        class="actionLog_text"
      >
        tentative 2
      </span>
    </div>
  </div>
</div>
`;

exports[`RxDB changes > endAt changes > endAt of ongoing changed 1`] = `
<div>
  <div
    class="actionLogList_container"
  >
    <div
      class="actionLog_container"
    >
      <span
        class="actionLog_beginAt"
      >
        09:00:00
      </span>
      <span
        class="actionLog_waveDash"
      >
        ～
      </span>
      <span
        class="actionLog_endAt"
      >
        09:00:00
      </span>
      <span
        class="actionLog_text"
      >
        finished 1
      </span>
    </div>
    <div
      class="actionLog_container"
    >
      <span
        class="actionLog_beginAt"
      >
        09:00:00
      </span>
      <span
        class="actionLog_waveDash"
      >
        ～
      </span>
      <span
        class="actionLog_endAt"
      >
        09:00:00
      </span>
      <span
        class="actionLog_text"
      >
        ongoing
      </span>
    </div>
    <div
      class="actionLog_container"
    >
      <span
        class="actionLog_beginAt"
      >
        09:00:00
      </span>
      <span
        class="actionLog_waveDash"
      >
        ～
      </span>
      <span
        class="actionLog_endAt"
      >
        09:00:00
      </span>
      <span
        class="actionLog_text"
      >
        finished 2
      </span>
    </div>
    
    
  </div>
</div>
`;

exports[`RxDB changes > endAt changes > initial 1`] = `
<div>
  <div
    class="actionLogList_container"
  >
    <div
      class="actionLog_container"
    >
      <span
        class="actionLog_beginAt"
      >
        09:00:00
      </span>
      <span
        class="actionLog_waveDash"
      >
        ～
      </span>
      <span
        class="actionLog_endAt"
      >
        09:00:00
      </span>
      <span
        class="actionLog_text"
      >
        finished 1
      </span>
    </div>
    <div
      class="actionLog_container"
    >
      <span
        class="actionLog_beginAt"
      >
        09:00:00
      </span>
      <span
        class="actionLog_waveDash"
      >
        ～
      </span>
      <span
        class="actionLog_endAt"
      >
        09:00:00
      </span>
      <span
        class="actionLog_text"
      >
        finished 2
      </span>
    </div>
    <div
      class="actionLog_container"
    >
      <span
        class="actionLog_beginAt"
      >
        09:00:00
      </span>
      <span
        class="actionLog_waveDash"
      >
        ～
      </span>
      <span
        class="actionLog_endAt"
      >
        N/A
      </span>
      <span
        class="actionLog_text"
      >
        ongoing
      </span>
    </div>
    
  </div>
</div>
`;

exports[`RxDB changes > text changes > initial 1`] = `
<div>
  <div
    class="actionLogList_container"
  >
    <div
      class="actionLog_container"
    >
      <span
        class="actionLog_beginAt"
      >
        09:00:00
      </span>
      <span
        class="actionLog_waveDash"
      >
        ～
      </span>
      <span
        class="actionLog_endAt"
      >
        09:00:00
      </span>
      <span
        class="actionLog_text"
      >
        finished
      </span>
    </div>
    <div
      class="actionLog_container"
    >
      <span
        class="actionLog_beginAt"
      >
        09:00:00
      </span>
      <span
        class="actionLog_waveDash"
      >
        ～
      </span>
      <span
        class="actionLog_endAt"
      >
        N/A
      </span>
      <span
        class="actionLog_text"
      >
        ongoing
      </span>
    </div>
    <div
      class="actionLog_container"
    >
      <span
        class="actionLog_beginAt"
      >
        N/A
      </span>
      <span
        class="actionLog_waveDash"
      >
        ～
      </span>
      <span
        class="actionLog_endAt"
      >
        N/A
      </span>
      <span
        class="actionLog_text"
      >
        tentative
      </span>
    </div>
  </div>
</div>
`;

exports[`RxDB changes > text changes > text of finished changed 1`] = `
<div>
  <div
    class="actionLogList_container"
  >
    <div
      class="actionLog_container"
    >
      <span
        class="actionLog_beginAt"
      >
        09:00:00
      </span>
      <span
        class="actionLog_waveDash"
      >
        ～
      </span>
      <span
        class="actionLog_endAt"
      >
        09:00:00
      </span>
      <span
        class="actionLog_text"
      >
        changed finished
      </span>
    </div>
    <div
      class="actionLog_container"
    >
      <span
        class="actionLog_beginAt"
      >
        09:00:00
      </span>
      <span
        class="actionLog_waveDash"
      >
        ～
      </span>
      <span
        class="actionLog_endAt"
      >
        N/A
      </span>
      <span
        class="actionLog_text"
      >
        ongoing
      </span>
    </div>
    <div
      class="actionLog_container"
    >
      <span
        class="actionLog_beginAt"
      >
        N/A
      </span>
      <span
        class="actionLog_waveDash"
      >
        ～
      </span>
      <span
        class="actionLog_endAt"
      >
        N/A
      </span>
      <span
        class="actionLog_text"
      >
        tentative
      </span>
    </div>
  </div>
</div>
`;

exports[`RxDB changes > text changes > text of ongoing changed 1`] = `
<div>
  <div
    class="actionLogList_container"
  >
    <div
      class="actionLog_container"
    >
      <span
        class="actionLog_beginAt"
      >
        09:00:00
      </span>
      <span
        class="actionLog_waveDash"
      >
        ～
      </span>
      <span
        class="actionLog_endAt"
      >
        09:00:00
      </span>
      <span
        class="actionLog_text"
      >
        changed finished
      </span>
    </div>
    <div
      class="actionLog_container"
    >
      <span
        class="actionLog_beginAt"
      >
        09:00:00
      </span>
      <span
        class="actionLog_waveDash"
      >
        ～
      </span>
      <span
        class="actionLog_endAt"
      >
        N/A
      </span>
      <span
        class="actionLog_text"
      >
        changed ongoing
      </span>
    </div>
    <div
      class="actionLog_container"
    >
      <span
        class="actionLog_beginAt"
      >
        N/A
      </span>
      <span
        class="actionLog_waveDash"
      >
        ～
      </span>
      <span
        class="actionLog_endAt"
      >
        N/A
      </span>
      <span
        class="actionLog_text"
      >
        tentative
      </span>
    </div>
  </div>
</div>
`;

exports[`RxDB changes > text changes > text of tentative changed 1`] = `
<div>
  <div
    class="actionLogList_container"
  >
    <div
      class="actionLog_container"
    >
      <span
        class="actionLog_beginAt"
      >
        09:00:00
      </span>
      <span
        class="actionLog_waveDash"
      >
        ～
      </span>
      <span
        class="actionLog_endAt"
      >
        09:00:00
      </span>
      <span
        class="actionLog_text"
      >
        changed finished
      </span>
    </div>
    <div
      class="actionLog_container"
    >
      <span
        class="actionLog_beginAt"
      >
        09:00:00
      </span>
      <span
        class="actionLog_waveDash"
      >
        ～
      </span>
      <span
        class="actionLog_endAt"
      >
        N/A
      </span>
      <span
        class="actionLog_text"
      >
        changed ongoing
      </span>
    </div>
    <div
      class="actionLog_container"
    >
      <span
        class="actionLog_beginAt"
      >
        N/A
      </span>
      <span
        class="actionLog_waveDash"
      >
        ～
      </span>
      <span
        class="actionLog_endAt"
      >
        N/A
      </span>
      <span
        class="actionLog_text"
      >
        changed tentative
      </span>
    </div>
  </div>
</div>
`;

exports[`display > finished actionLog is selected 1`] = `
<div>
  <div
    class="actionLogList_container"
  >
    <div
      class="actionLog_container selected"
    >
      <span
        class="actionLog_beginAt"
      >
        09:00:00
      </span>
      <span
        class="actionLog_waveDash"
      >
        ～
      </span>
      <span
        class="actionLog_endAt"
      >
        09:00:00
      </span>
      <span
        class="actionLog_text"
      >
        finished
      </span>
    </div>
    <div
      class="actionLog_container"
    >
      <span
        class="actionLog_beginAt"
      >
        09:00:00
      </span>
      <span
        class="actionLog_waveDash"
      >
        ～
      </span>
      <span
        class="actionLog_endAt"
      >
        N/A
      </span>
      <span
        class="actionLog_text"
      >
        ongoing
      </span>
    </div>
    <div
      class="actionLog_container"
    >
      <span
        class="actionLog_beginAt"
      >
        N/A
      </span>
      <span
        class="actionLog_waveDash"
      >
        ～
      </span>
      <span
        class="actionLog_endAt"
      >
        N/A
      </span>
      <span
        class="actionLog_text"
      >
        tentative
      </span>
    </div>
  </div>
</div>
`;

exports[`display > finished actionLogs are sorted by beginAt 1`] = `
<div>
  <div
    class="actionLogList_container"
  >
    <div
      class="actionLog_container"
    >
      <span
        class="actionLog_beginAt"
      >
        09:00:00
      </span>
      <span
        class="actionLog_waveDash"
      >
        ～
      </span>
      <span
        class="actionLog_endAt"
      >
        09:00:00
      </span>
      <span
        class="actionLog_text"
      >
        3
      </span>
    </div>
    <div
      class="actionLog_container"
    >
      <span
        class="actionLog_beginAt"
      >
        09:00:00
      </span>
      <span
        class="actionLog_waveDash"
      >
        ～
      </span>
      <span
        class="actionLog_endAt"
      >
        09:00:00
      </span>
      <span
        class="actionLog_text"
      >
        4
      </span>
    </div>
    <div
      class="actionLog_container"
    >
      <span
        class="actionLog_beginAt"
      >
        09:00:00
      </span>
      <span
        class="actionLog_waveDash"
      >
        ～
      </span>
      <span
        class="actionLog_endAt"
      >
        09:00:00
      </span>
      <span
        class="actionLog_text"
      >
        2
      </span>
    </div>
    <div
      class="actionLog_container"
    >
      <span
        class="actionLog_beginAt"
      >
        09:00:00
      </span>
      <span
        class="actionLog_waveDash"
      >
        ～
      </span>
      <span
        class="actionLog_endAt"
      >
        09:00:00
      </span>
      <span
        class="actionLog_text"
      >
        1
      </span>
    </div>
    
    
  </div>
</div>
`;

exports[`display > ongoing actionLogs follows finished actionLogs and sorted by beginAt 1`] = `
<div>
  <div
    class="actionLogList_container"
  >
    <div
      class="actionLog_container"
    >
      <span
        class="actionLog_beginAt"
      >
        09:00:00
      </span>
      <span
        class="actionLog_waveDash"
      >
        ～
      </span>
      <span
        class="actionLog_endAt"
      >
        09:00:00
      </span>
      <span
        class="actionLog_text"
      >
        7
      </span>
    </div>
    <div
      class="actionLog_container"
    >
      <span
        class="actionLog_beginAt"
      >
        09:00:00
      </span>
      <span
        class="actionLog_waveDash"
      >
        ～
      </span>
      <span
        class="actionLog_endAt"
      >
        09:00:00
      </span>
      <span
        class="actionLog_text"
      >
        8
      </span>
    </div>
    <div
      class="actionLog_container"
    >
      <span
        class="actionLog_beginAt"
      >
        09:00:00
      </span>
      <span
        class="actionLog_waveDash"
      >
        ～
      </span>
      <span
        class="actionLog_endAt"
      >
        09:00:00
      </span>
      <span
        class="actionLog_text"
      >
        6
      </span>
    </div>
    <div
      class="actionLog_container"
    >
      <span
        class="actionLog_beginAt"
      >
        09:00:00
      </span>
      <span
        class="actionLog_waveDash"
      >
        ～
      </span>
      <span
        class="actionLog_endAt"
      >
        09:00:00
      </span>
      <span
        class="actionLog_text"
      >
        5
      </span>
    </div>
    <div
      class="actionLog_container"
    >
      <span
        class="actionLog_beginAt"
      >
        09:00:00
      </span>
      <span
        class="actionLog_waveDash"
      >
        ～
      </span>
      <span
        class="actionLog_endAt"
      >
        N/A
      </span>
      <span
        class="actionLog_text"
      >
        4
      </span>
    </div>
    <div
      class="actionLog_container"
    >
      <span
        class="actionLog_beginAt"
      >
        09:00:00
      </span>
      <span
        class="actionLog_waveDash"
      >
        ～
      </span>
      <span
        class="actionLog_endAt"
      >
        N/A
      </span>
      <span
        class="actionLog_text"
      >
        1
      </span>
    </div>
    <div
      class="actionLog_container"
    >
      <span
        class="actionLog_beginAt"
      >
        09:00:00
      </span>
      <span
        class="actionLog_waveDash"
      >
        ～
      </span>
      <span
        class="actionLog_endAt"
      >
        N/A
      </span>
      <span
        class="actionLog_text"
      >
        3
      </span>
    </div>
    <div
      class="actionLog_container"
    >
      <span
        class="actionLog_beginAt"
      >
        09:00:00
      </span>
      <span
        class="actionLog_waveDash"
      >
        ～
      </span>
      <span
        class="actionLog_endAt"
      >
        N/A
      </span>
      <span
        class="actionLog_text"
      >
        2
      </span>
    </div>
    
  </div>
</div>
`;

exports[`display > tentative actionLogs follows ongoing actionLogs and sorted by id 1`] = `
<div>
  <div
    class="actionLogList_container"
  >
    <div
      class="actionLog_container"
    >
      <span
        class="actionLog_beginAt"
      >
        09:00:00
      </span>
      <span
        class="actionLog_waveDash"
      >
        ～
      </span>
      <span
        class="actionLog_endAt"
      >
        09:00:00
      </span>
      <span
        class="actionLog_text"
      >
        12
      </span>
    </div>
    <div
      class="actionLog_container"
    >
      <span
        class="actionLog_beginAt"
      >
        09:00:00
      </span>
      <span
        class="actionLog_waveDash"
      >
        ～
      </span>
      <span
        class="actionLog_endAt"
      >
        09:00:00
      </span>
      <span
        class="actionLog_text"
      >
        09
      </span>
    </div>
    <div
      class="actionLog_container"
    >
      <span
        class="actionLog_beginAt"
      >
        09:00:00
      </span>
      <span
        class="actionLog_waveDash"
      >
        ～
      </span>
      <span
        class="actionLog_endAt"
      >
        09:00:00
      </span>
      <span
        class="actionLog_text"
      >
        11
      </span>
    </div>
    <div
      class="actionLog_container"
    >
      <span
        class="actionLog_beginAt"
      >
        09:00:00
      </span>
      <span
        class="actionLog_waveDash"
      >
        ～
      </span>
      <span
        class="actionLog_endAt"
      >
        09:00:00
      </span>
      <span
        class="actionLog_text"
      >
        10
      </span>
    </div>
    <div
      class="actionLog_container"
    >
      <span
        class="actionLog_beginAt"
      >
        09:00:00
      </span>
      <span
        class="actionLog_waveDash"
      >
        ～
      </span>
      <span
        class="actionLog_endAt"
      >
        N/A
      </span>
      <span
        class="actionLog_text"
      >
        07
      </span>
    </div>
    <div
      class="actionLog_container"
    >
      <span
        class="actionLog_beginAt"
      >
        09:00:00
      </span>
      <span
        class="actionLog_waveDash"
      >
        ～
      </span>
      <span
        class="actionLog_endAt"
      >
        N/A
      </span>
      <span
        class="actionLog_text"
      >
        08
      </span>
    </div>
    <div
      class="actionLog_container"
    >
      <span
        class="actionLog_beginAt"
      >
        09:00:00
      </span>
      <span
        class="actionLog_waveDash"
      >
        ～
      </span>
      <span
        class="actionLog_endAt"
      >
        N/A
      </span>
      <span
        class="actionLog_text"
      >
        06
      </span>
    </div>
    <div
      class="actionLog_container"
    >
      <span
        class="actionLog_beginAt"
      >
        09:00:00
      </span>
      <span
        class="actionLog_waveDash"
      >
        ～
      </span>
      <span
        class="actionLog_endAt"
      >
        N/A
      </span>
      <span
        class="actionLog_text"
      >
        05
      </span>
    </div>
    <div
      class="actionLog_container"
    >
      <span
        class="actionLog_beginAt"
      >
        N/A
      </span>
      <span
        class="actionLog_waveDash"
      >
        ～
      </span>
      <span
        class="actionLog_endAt"
      >
        N/A
      </span>
      <span
        class="actionLog_text"
      >
        01
      </span>
    </div>
    <div
      class="actionLog_container"
    >
      <span
        class="actionLog_beginAt"
      >
        N/A
      </span>
      <span
        class="actionLog_waveDash"
      >
        ～
      </span>
      <span
        class="actionLog_endAt"
      >
        N/A
      </span>
      <span
        class="actionLog_text"
      >
        02
      </span>
    </div>
    <div
      class="actionLog_container"
    >
      <span
        class="actionLog_beginAt"
      >
        N/A
      </span>
      <span
        class="actionLog_waveDash"
      >
        ～
      </span>
      <span
        class="actionLog_endAt"
      >
        N/A
      </span>
      <span
        class="actionLog_text"
      >
        03
      </span>
    </div>
    <div
      class="actionLog_container"
    >
      <span
        class="actionLog_beginAt"
      >
        N/A
      </span>
      <span
        class="actionLog_waveDash"
      >
        ～
      </span>
      <span
        class="actionLog_endAt"
      >
        N/A
      </span>
      <span
        class="actionLog_text"
      >
        04
      </span>
    </div>
  </div>
</div>
`;
