// Vitest Snapshot v1, https://vitest.dev/guide/snapshot.html

exports[`RxDB changes > endAt changes > endAt of ongoing changed 1`] = `
<div>
  <div
    class="actionLogList_container"
  >
    <div
      class="actionLogList_separator"
    >
      1970-01-01
    </div>
    <div
      class="actionLogList_actionLog_container"
    >
      <div
        class="actionLogList_actionLog_startAt"
      >
        1970-01-01 09:00:00
      </div>
      <div
        class="actionLogList_actionLog_waveDash"
      >
        ～
      </div>
      <div
        class="actionLogList_actionLog_endAt"
      >
        1970-01-01 09:00:00
      </div>
      <div
        class="actionLogList_actionLog_text"
      >
        finished 1
      </div>
    </div>
    <div
      class="actionLogList_actionLog_container"
    >
      <div
        class="actionLogList_actionLog_startAt"
      >
        1970-01-01 09:00:00
      </div>
      <div
        class="actionLogList_actionLog_waveDash"
      >
        ～
      </div>
      <div
        class="actionLogList_actionLog_endAt"
      >
        1970-01-01 09:00:00
      </div>
      <div
        class="actionLogList_actionLog_text"
      >
        ongoing
      </div>
    </div>
    <div
      class="actionLogList_actionLog_container"
    >
      <div
        class="actionLogList_actionLog_startAt"
      >
        1970-01-01 09:00:00
      </div>
      <div
        class="actionLogList_actionLog_waveDash"
      >
        ～
      </div>
      <div
        class="actionLogList_actionLog_endAt"
      >
        1970-01-01 09:00:00
      </div>
      <div
        class="actionLogList_actionLog_text"
      >
        finished 2
      </div>
    </div>
    
    
    
    
  </div>
</div>
`;

exports[`RxDB changes > endAt changes > initial 1`] = `
<div>
  <div
    class="actionLogList_container"
  >
    <div
      class="actionLogList_separator"
    >
      1970-01-01
    </div>
    <div
      class="actionLogList_actionLog_container"
    >
      <div
        class="actionLogList_actionLog_startAt"
      >
        1970-01-01 09:00:00
      </div>
      <div
        class="actionLogList_actionLog_waveDash"
      >
        ～
      </div>
      <div
        class="actionLogList_actionLog_endAt"
      >
        1970-01-01 09:00:00
      </div>
      <div
        class="actionLogList_actionLog_text"
      >
        finished 1
      </div>
    </div>
    <div
      class="actionLogList_actionLog_container"
    >
      <div
        class="actionLogList_actionLog_startAt"
      >
        1970-01-01 09:00:00
      </div>
      <div
        class="actionLogList_actionLog_waveDash"
      >
        ～
      </div>
      <div
        class="actionLogList_actionLog_endAt"
      >
        1970-01-01 09:00:00
      </div>
      <div
        class="actionLogList_actionLog_text"
      >
        finished 2
      </div>
    </div>
    <div
      class="actionLogList_separator"
    >
      ongoing
    </div>
    <div
      class="actionLogList_actionLog_container"
    >
      <div
        class="actionLogList_actionLog_startAt"
      >
        1970-01-01 09:00:00
      </div>
      <div
        class="actionLogList_actionLog_waveDash"
      >
        ～
      </div>
      <div
        class="actionLogList_actionLog_endAt"
      >
        N/A
      </div>
      <div
        class="actionLogList_actionLog_text"
      >
        ongoing
      </div>
    </div>
    
    
  </div>
</div>
`;

exports[`RxDB changes > startAt changes > initial 1`] = `
<div>
  <div
    class="actionLogList_container"
  >
    <div
      class="actionLogList_separator"
    >
      1970-01-01
    </div>
    <div
      class="actionLogList_actionLog_container"
    >
      <div
        class="actionLogList_actionLog_startAt"
      >
        1970-01-01 09:00:00
      </div>
      <div
        class="actionLogList_actionLog_waveDash"
      >
        ～
      </div>
      <div
        class="actionLogList_actionLog_endAt"
      >
        1970-01-01 09:00:00
      </div>
      <div
        class="actionLogList_actionLog_text"
      >
        finished 1
      </div>
    </div>
    <div
      class="actionLogList_actionLog_container"
    >
      <div
        class="actionLogList_actionLog_startAt"
      >
        1970-01-01 09:00:00
      </div>
      <div
        class="actionLogList_actionLog_waveDash"
      >
        ～
      </div>
      <div
        class="actionLogList_actionLog_endAt"
      >
        1970-01-01 09:00:00
      </div>
      <div
        class="actionLogList_actionLog_text"
      >
        finished 2
      </div>
    </div>
    <div
      class="actionLogList_separator"
    >
      ongoing
    </div>
    <div
      class="actionLogList_actionLog_container"
    >
      <div
        class="actionLogList_actionLog_startAt"
      >
        1970-01-01 09:00:00
      </div>
      <div
        class="actionLogList_actionLog_waveDash"
      >
        ～
      </div>
      <div
        class="actionLogList_actionLog_endAt"
      >
        N/A
      </div>
      <div
        class="actionLogList_actionLog_text"
      >
        ongoing 1
      </div>
    </div>
    <div
      class="actionLogList_actionLog_container"
    >
      <div
        class="actionLogList_actionLog_startAt"
      >
        1970-01-01 09:00:00
      </div>
      <div
        class="actionLogList_actionLog_waveDash"
      >
        ～
      </div>
      <div
        class="actionLogList_actionLog_endAt"
      >
        N/A
      </div>
      <div
        class="actionLogList_actionLog_text"
      >
        ongoing 2
      </div>
    </div>
    <div
      class="actionLogList_separator"
    >
      tentative
    </div>
    <div
      class="actionLogList_actionLog_container"
    >
      <div
        class="actionLogList_actionLog_startAt"
      >
        N/A
      </div>
      <div
        class="actionLogList_actionLog_waveDash"
      >
        ～
      </div>
      <div
        class="actionLogList_actionLog_endAt"
      >
        N/A
      </div>
      <div
        class="actionLogList_actionLog_text"
      >
        tentative 1
      </div>
    </div>
    <div
      class="actionLogList_actionLog_container"
    >
      <div
        class="actionLogList_actionLog_startAt"
      >
        N/A
      </div>
      <div
        class="actionLogList_actionLog_waveDash"
      >
        ～
      </div>
      <div
        class="actionLogList_actionLog_endAt"
      >
        N/A
      </div>
      <div
        class="actionLogList_actionLog_text"
      >
        tentative 2
      </div>
    </div>
  </div>
</div>
`;

exports[`RxDB changes > startAt changes > startAt of finished 2 changed 1`] = `
<div>
  <div
    class="actionLogList_container"
  >
    <div
      class="actionLogList_separator"
    >
      1970-01-01
    </div>
    <div
      class="actionLogList_actionLog_container"
    >
      <div
        class="actionLogList_actionLog_startAt"
      >
        1970-01-01 09:00:00
      </div>
      <div
        class="actionLogList_actionLog_waveDash"
      >
        ～
      </div>
      <div
        class="actionLogList_actionLog_endAt"
      >
        1970-01-01 09:00:00
      </div>
      <div
        class="actionLogList_actionLog_text"
      >
        finished 2
      </div>
    </div>
    <div
      class="actionLogList_actionLog_container"
    >
      <div
        class="actionLogList_actionLog_startAt"
      >
        1970-01-01 09:00:00
      </div>
      <div
        class="actionLogList_actionLog_waveDash"
      >
        ～
      </div>
      <div
        class="actionLogList_actionLog_endAt"
      >
        1970-01-01 09:00:00
      </div>
      <div
        class="actionLogList_actionLog_text"
      >
        finished 1
      </div>
    </div>
    <div
      class="actionLogList_separator"
    >
      ongoing
    </div>
    <div
      class="actionLogList_actionLog_container"
    >
      <div
        class="actionLogList_actionLog_startAt"
      >
        1970-01-01 09:00:00
      </div>
      <div
        class="actionLogList_actionLog_waveDash"
      >
        ～
      </div>
      <div
        class="actionLogList_actionLog_endAt"
      >
        N/A
      </div>
      <div
        class="actionLogList_actionLog_text"
      >
        ongoing 1
      </div>
    </div>
    <div
      class="actionLogList_actionLog_container"
    >
      <div
        class="actionLogList_actionLog_startAt"
      >
        1970-01-01 09:00:00
      </div>
      <div
        class="actionLogList_actionLog_waveDash"
      >
        ～
      </div>
      <div
        class="actionLogList_actionLog_endAt"
      >
        N/A
      </div>
      <div
        class="actionLogList_actionLog_text"
      >
        ongoing 2
      </div>
    </div>
    <div
      class="actionLogList_separator"
    >
      tentative
    </div>
    <div
      class="actionLogList_actionLog_container"
    >
      <div
        class="actionLogList_actionLog_startAt"
      >
        N/A
      </div>
      <div
        class="actionLogList_actionLog_waveDash"
      >
        ～
      </div>
      <div
        class="actionLogList_actionLog_endAt"
      >
        N/A
      </div>
      <div
        class="actionLogList_actionLog_text"
      >
        tentative 1
      </div>
    </div>
    <div
      class="actionLogList_actionLog_container"
    >
      <div
        class="actionLogList_actionLog_startAt"
      >
        N/A
      </div>
      <div
        class="actionLogList_actionLog_waveDash"
      >
        ～
      </div>
      <div
        class="actionLogList_actionLog_endAt"
      >
        N/A
      </div>
      <div
        class="actionLogList_actionLog_text"
      >
        tentative 2
      </div>
    </div>
  </div>
</div>
`;

exports[`RxDB changes > startAt changes > startAt of ongoing 2 changed 1`] = `
<div>
  <div
    class="actionLogList_container"
  >
    <div
      class="actionLogList_separator"
    >
      1970-01-01
    </div>
    <div
      class="actionLogList_actionLog_container"
    >
      <div
        class="actionLogList_actionLog_startAt"
      >
        1970-01-01 09:00:00
      </div>
      <div
        class="actionLogList_actionLog_waveDash"
      >
        ～
      </div>
      <div
        class="actionLogList_actionLog_endAt"
      >
        1970-01-01 09:00:00
      </div>
      <div
        class="actionLogList_actionLog_text"
      >
        finished 2
      </div>
    </div>
    <div
      class="actionLogList_actionLog_container"
    >
      <div
        class="actionLogList_actionLog_startAt"
      >
        1970-01-01 09:00:00
      </div>
      <div
        class="actionLogList_actionLog_waveDash"
      >
        ～
      </div>
      <div
        class="actionLogList_actionLog_endAt"
      >
        1970-01-01 09:00:00
      </div>
      <div
        class="actionLogList_actionLog_text"
      >
        finished 1
      </div>
    </div>
    <div
      class="actionLogList_separator"
    >
      ongoing
    </div>
    <div
      class="actionLogList_actionLog_container"
    >
      <div
        class="actionLogList_actionLog_startAt"
      >
        1970-01-01 09:00:00
      </div>
      <div
        class="actionLogList_actionLog_waveDash"
      >
        ～
      </div>
      <div
        class="actionLogList_actionLog_endAt"
      >
        N/A
      </div>
      <div
        class="actionLogList_actionLog_text"
      >
        ongoing 2
      </div>
    </div>
    <div
      class="actionLogList_actionLog_container"
    >
      <div
        class="actionLogList_actionLog_startAt"
      >
        1970-01-01 09:00:00
      </div>
      <div
        class="actionLogList_actionLog_waveDash"
      >
        ～
      </div>
      <div
        class="actionLogList_actionLog_endAt"
      >
        N/A
      </div>
      <div
        class="actionLogList_actionLog_text"
      >
        ongoing 1
      </div>
    </div>
    <div
      class="actionLogList_separator"
    >
      tentative
    </div>
    <div
      class="actionLogList_actionLog_container"
    >
      <div
        class="actionLogList_actionLog_startAt"
      >
        N/A
      </div>
      <div
        class="actionLogList_actionLog_waveDash"
      >
        ～
      </div>
      <div
        class="actionLogList_actionLog_endAt"
      >
        N/A
      </div>
      <div
        class="actionLogList_actionLog_text"
      >
        tentative 1
      </div>
    </div>
    <div
      class="actionLogList_actionLog_container"
    >
      <div
        class="actionLogList_actionLog_startAt"
      >
        N/A
      </div>
      <div
        class="actionLogList_actionLog_waveDash"
      >
        ～
      </div>
      <div
        class="actionLogList_actionLog_endAt"
      >
        N/A
      </div>
      <div
        class="actionLogList_actionLog_text"
      >
        tentative 2
      </div>
    </div>
  </div>
</div>
`;

exports[`RxDB changes > startAt changes > startAt of tentative 2 changed 1`] = `
<div>
  <div
    class="actionLogList_container"
  >
    <div
      class="actionLogList_separator"
    >
      1970-01-01
    </div>
    <div
      class="actionLogList_actionLog_container"
    >
      <div
        class="actionLogList_actionLog_startAt"
      >
        1970-01-01 09:00:00
      </div>
      <div
        class="actionLogList_actionLog_waveDash"
      >
        ～
      </div>
      <div
        class="actionLogList_actionLog_endAt"
      >
        1970-01-01 09:00:00
      </div>
      <div
        class="actionLogList_actionLog_text"
      >
        finished 2
      </div>
    </div>
    <div
      class="actionLogList_actionLog_container"
    >
      <div
        class="actionLogList_actionLog_startAt"
      >
        1970-01-01 09:00:00
      </div>
      <div
        class="actionLogList_actionLog_waveDash"
      >
        ～
      </div>
      <div
        class="actionLogList_actionLog_endAt"
      >
        1970-01-01 09:00:00
      </div>
      <div
        class="actionLogList_actionLog_text"
      >
        finished 1
      </div>
    </div>
    <div
      class="actionLogList_separator"
    >
      ongoing
    </div>
    <div
      class="actionLogList_actionLog_container"
    >
      <div
        class="actionLogList_actionLog_startAt"
      >
        1970-01-01 09:00:00
      </div>
      <div
        class="actionLogList_actionLog_waveDash"
      >
        ～
      </div>
      <div
        class="actionLogList_actionLog_endAt"
      >
        N/A
      </div>
      <div
        class="actionLogList_actionLog_text"
      >
        ongoing 2
      </div>
    </div>
    <div
      class="actionLogList_actionLog_container"
    >
      <div
        class="actionLogList_actionLog_startAt"
      >
        1970-01-01 09:00:00
      </div>
      <div
        class="actionLogList_actionLog_waveDash"
      >
        ～
      </div>
      <div
        class="actionLogList_actionLog_endAt"
      >
        N/A
      </div>
      <div
        class="actionLogList_actionLog_text"
      >
        tentative 2
      </div>
    </div>
    <div
      class="actionLogList_actionLog_container"
    >
      <div
        class="actionLogList_actionLog_startAt"
      >
        1970-01-01 09:00:00
      </div>
      <div
        class="actionLogList_actionLog_waveDash"
      >
        ～
      </div>
      <div
        class="actionLogList_actionLog_endAt"
      >
        N/A
      </div>
      <div
        class="actionLogList_actionLog_text"
      >
        ongoing 1
      </div>
    </div>
    <div
      class="actionLogList_separator"
    >
      tentative
    </div>
    <div
      class="actionLogList_actionLog_container"
    >
      <div
        class="actionLogList_actionLog_startAt"
      >
        N/A
      </div>
      <div
        class="actionLogList_actionLog_waveDash"
      >
        ～
      </div>
      <div
        class="actionLogList_actionLog_endAt"
      >
        N/A
      </div>
      <div
        class="actionLogList_actionLog_text"
      >
        tentative 1
      </div>
    </div>
  </div>
</div>
`;

exports[`RxDB changes > text changes > initial 1`] = `
<div>
  <div
    class="actionLogList_container"
  >
    <div
      class="actionLogList_separator"
    >
      1970-01-01
    </div>
    <div
      class="actionLogList_actionLog_container"
    >
      <div
        class="actionLogList_actionLog_startAt"
      >
        1970-01-01 09:00:00
      </div>
      <div
        class="actionLogList_actionLog_waveDash"
      >
        ～
      </div>
      <div
        class="actionLogList_actionLog_endAt"
      >
        1970-01-01 09:00:00
      </div>
      <div
        class="actionLogList_actionLog_text"
      >
        finished
      </div>
    </div>
    <div
      class="actionLogList_separator"
    >
      ongoing
    </div>
    <div
      class="actionLogList_actionLog_container"
    >
      <div
        class="actionLogList_actionLog_startAt"
      >
        1970-01-01 09:00:00
      </div>
      <div
        class="actionLogList_actionLog_waveDash"
      >
        ～
      </div>
      <div
        class="actionLogList_actionLog_endAt"
      >
        N/A
      </div>
      <div
        class="actionLogList_actionLog_text"
      >
        ongoing
      </div>
    </div>
    <div
      class="actionLogList_separator"
    >
      tentative
    </div>
    <div
      class="actionLogList_actionLog_container"
    >
      <div
        class="actionLogList_actionLog_startAt"
      >
        N/A
      </div>
      <div
        class="actionLogList_actionLog_waveDash"
      >
        ～
      </div>
      <div
        class="actionLogList_actionLog_endAt"
      >
        N/A
      </div>
      <div
        class="actionLogList_actionLog_text"
      >
        tentative
      </div>
    </div>
  </div>
</div>
`;

exports[`RxDB changes > text changes > text of finished changed 1`] = `
<div>
  <div
    class="actionLogList_container"
  >
    <div
      class="actionLogList_separator"
    >
      1970-01-01
    </div>
    <div
      class="actionLogList_actionLog_container"
    >
      <div
        class="actionLogList_actionLog_startAt"
      >
        1970-01-01 09:00:00
      </div>
      <div
        class="actionLogList_actionLog_waveDash"
      >
        ～
      </div>
      <div
        class="actionLogList_actionLog_endAt"
      >
        1970-01-01 09:00:00
      </div>
      <div
        class="actionLogList_actionLog_text"
      >
        changed finished
      </div>
    </div>
    <div
      class="actionLogList_separator"
    >
      ongoing
    </div>
    <div
      class="actionLogList_actionLog_container"
    >
      <div
        class="actionLogList_actionLog_startAt"
      >
        1970-01-01 09:00:00
      </div>
      <div
        class="actionLogList_actionLog_waveDash"
      >
        ～
      </div>
      <div
        class="actionLogList_actionLog_endAt"
      >
        N/A
      </div>
      <div
        class="actionLogList_actionLog_text"
      >
        ongoing
      </div>
    </div>
    <div
      class="actionLogList_separator"
    >
      tentative
    </div>
    <div
      class="actionLogList_actionLog_container"
    >
      <div
        class="actionLogList_actionLog_startAt"
      >
        N/A
      </div>
      <div
        class="actionLogList_actionLog_waveDash"
      >
        ～
      </div>
      <div
        class="actionLogList_actionLog_endAt"
      >
        N/A
      </div>
      <div
        class="actionLogList_actionLog_text"
      >
        tentative
      </div>
    </div>
  </div>
</div>
`;

exports[`RxDB changes > text changes > text of ongoing changed 1`] = `
<div>
  <div
    class="actionLogList_container"
  >
    <div
      class="actionLogList_separator"
    >
      1970-01-01
    </div>
    <div
      class="actionLogList_actionLog_container"
    >
      <div
        class="actionLogList_actionLog_startAt"
      >
        1970-01-01 09:00:00
      </div>
      <div
        class="actionLogList_actionLog_waveDash"
      >
        ～
      </div>
      <div
        class="actionLogList_actionLog_endAt"
      >
        1970-01-01 09:00:00
      </div>
      <div
        class="actionLogList_actionLog_text"
      >
        changed finished
      </div>
    </div>
    <div
      class="actionLogList_separator"
    >
      ongoing
    </div>
    <div
      class="actionLogList_actionLog_container"
    >
      <div
        class="actionLogList_actionLog_startAt"
      >
        1970-01-01 09:00:00
      </div>
      <div
        class="actionLogList_actionLog_waveDash"
      >
        ～
      </div>
      <div
        class="actionLogList_actionLog_endAt"
      >
        N/A
      </div>
      <div
        class="actionLogList_actionLog_text"
      >
        changed ongoing
      </div>
    </div>
    <div
      class="actionLogList_separator"
    >
      tentative
    </div>
    <div
      class="actionLogList_actionLog_container"
    >
      <div
        class="actionLogList_actionLog_startAt"
      >
        N/A
      </div>
      <div
        class="actionLogList_actionLog_waveDash"
      >
        ～
      </div>
      <div
        class="actionLogList_actionLog_endAt"
      >
        N/A
      </div>
      <div
        class="actionLogList_actionLog_text"
      >
        tentative
      </div>
    </div>
  </div>
</div>
`;

exports[`RxDB changes > text changes > text of tentative changed 1`] = `
<div>
  <div
    class="actionLogList_container"
  >
    <div
      class="actionLogList_separator"
    >
      1970-01-01
    </div>
    <div
      class="actionLogList_actionLog_container"
    >
      <div
        class="actionLogList_actionLog_startAt"
      >
        1970-01-01 09:00:00
      </div>
      <div
        class="actionLogList_actionLog_waveDash"
      >
        ～
      </div>
      <div
        class="actionLogList_actionLog_endAt"
      >
        1970-01-01 09:00:00
      </div>
      <div
        class="actionLogList_actionLog_text"
      >
        changed finished
      </div>
    </div>
    <div
      class="actionLogList_separator"
    >
      ongoing
    </div>
    <div
      class="actionLogList_actionLog_container"
    >
      <div
        class="actionLogList_actionLog_startAt"
      >
        1970-01-01 09:00:00
      </div>
      <div
        class="actionLogList_actionLog_waveDash"
      >
        ～
      </div>
      <div
        class="actionLogList_actionLog_endAt"
      >
        N/A
      </div>
      <div
        class="actionLogList_actionLog_text"
      >
        changed ongoing
      </div>
    </div>
    <div
      class="actionLogList_separator"
    >
      tentative
    </div>
    <div
      class="actionLogList_actionLog_container"
    >
      <div
        class="actionLogList_actionLog_startAt"
      >
        N/A
      </div>
      <div
        class="actionLogList_actionLog_waveDash"
      >
        ～
      </div>
      <div
        class="actionLogList_actionLog_endAt"
      >
        N/A
      </div>
      <div
        class="actionLogList_actionLog_text"
      >
        changed tentative
      </div>
    </div>
  </div>
</div>
`;

exports[`display > finished actionLog is selected 1`] = `
<div>
  <div
    class="actionLogList_container"
  >
    <div
      class="actionLogList_separator"
    >
      1970-01-01
    </div>
    <div
      class="actionLogList_actionLog_container selected"
    >
      <div
        class="actionLogList_actionLog_startAt"
      >
        1970-01-01 09:00:00
      </div>
      <div
        class="actionLogList_actionLog_waveDash"
      >
        ～
      </div>
      <div
        class="actionLogList_actionLog_endAt"
      >
        1970-01-01 09:00:00
      </div>
      <div
        class="actionLogList_actionLog_text"
      >
        finished
      </div>
    </div>
    <div
      class="actionLogList_separator"
    >
      ongoing
    </div>
    <div
      class="actionLogList_actionLog_container"
    >
      <div
        class="actionLogList_actionLog_startAt"
      >
        1970-01-01 09:00:00
      </div>
      <div
        class="actionLogList_actionLog_waveDash"
      >
        ～
      </div>
      <div
        class="actionLogList_actionLog_endAt"
      >
        N/A
      </div>
      <div
        class="actionLogList_actionLog_text"
      >
        ongoing
      </div>
    </div>
    <div
      class="actionLogList_separator"
    >
      tentative
    </div>
    <div
      class="actionLogList_actionLog_container"
    >
      <div
        class="actionLogList_actionLog_startAt"
      >
        N/A
      </div>
      <div
        class="actionLogList_actionLog_waveDash"
      >
        ～
      </div>
      <div
        class="actionLogList_actionLog_endAt"
      >
        N/A
      </div>
      <div
        class="actionLogList_actionLog_text"
      >
        tentative
      </div>
    </div>
  </div>
</div>
`;

exports[`display > finished actionLogs are sorted by startAt 1`] = `
<div>
  <div
    class="actionLogList_container"
  >
    <div
      class="actionLogList_separator"
    >
      1970-01-01
    </div>
    <div
      class="actionLogList_actionLog_container"
    >
      <div
        class="actionLogList_actionLog_startAt"
      >
        1970-01-01 09:00:00
      </div>
      <div
        class="actionLogList_actionLog_waveDash"
      >
        ～
      </div>
      <div
        class="actionLogList_actionLog_endAt"
      >
        1970-01-01 09:00:00
      </div>
      <div
        class="actionLogList_actionLog_text"
      >
        3
      </div>
    </div>
    <div
      class="actionLogList_actionLog_container"
    >
      <div
        class="actionLogList_actionLog_startAt"
      >
        1970-01-01 09:00:00
      </div>
      <div
        class="actionLogList_actionLog_waveDash"
      >
        ～
      </div>
      <div
        class="actionLogList_actionLog_endAt"
      >
        1970-01-01 09:00:00
      </div>
      <div
        class="actionLogList_actionLog_text"
      >
        4
      </div>
    </div>
    <div
      class="actionLogList_actionLog_container"
    >
      <div
        class="actionLogList_actionLog_startAt"
      >
        1970-01-01 09:00:00
      </div>
      <div
        class="actionLogList_actionLog_waveDash"
      >
        ～
      </div>
      <div
        class="actionLogList_actionLog_endAt"
      >
        1970-01-01 09:00:00
      </div>
      <div
        class="actionLogList_actionLog_text"
      >
        2
      </div>
    </div>
    <div
      class="actionLogList_actionLog_container"
    >
      <div
        class="actionLogList_actionLog_startAt"
      >
        1970-01-01 09:00:00
      </div>
      <div
        class="actionLogList_actionLog_waveDash"
      >
        ～
      </div>
      <div
        class="actionLogList_actionLog_endAt"
      >
        1970-01-01 09:00:00
      </div>
      <div
        class="actionLogList_actionLog_text"
      >
        1
      </div>
    </div>
    
    
    
    
  </div>
</div>
`;

exports[`display > ongoing actionLogs follows finished actionLogs and sorted by startAt 1`] = `
<div>
  <div
    class="actionLogList_container"
  >
    <div
      class="actionLogList_separator"
    >
      1970-01-01
    </div>
    <div
      class="actionLogList_actionLog_container"
    >
      <div
        class="actionLogList_actionLog_startAt"
      >
        1970-01-01 09:00:00
      </div>
      <div
        class="actionLogList_actionLog_waveDash"
      >
        ～
      </div>
      <div
        class="actionLogList_actionLog_endAt"
      >
        1970-01-01 09:00:00
      </div>
      <div
        class="actionLogList_actionLog_text"
      >
        7
      </div>
    </div>
    <div
      class="actionLogList_actionLog_container"
    >
      <div
        class="actionLogList_actionLog_startAt"
      >
        1970-01-01 09:00:00
      </div>
      <div
        class="actionLogList_actionLog_waveDash"
      >
        ～
      </div>
      <div
        class="actionLogList_actionLog_endAt"
      >
        1970-01-01 09:00:00
      </div>
      <div
        class="actionLogList_actionLog_text"
      >
        8
      </div>
    </div>
    <div
      class="actionLogList_actionLog_container"
    >
      <div
        class="actionLogList_actionLog_startAt"
      >
        1970-01-01 09:00:00
      </div>
      <div
        class="actionLogList_actionLog_waveDash"
      >
        ～
      </div>
      <div
        class="actionLogList_actionLog_endAt"
      >
        1970-01-01 09:00:00
      </div>
      <div
        class="actionLogList_actionLog_text"
      >
        6
      </div>
    </div>
    <div
      class="actionLogList_actionLog_container"
    >
      <div
        class="actionLogList_actionLog_startAt"
      >
        1970-01-01 09:00:00
      </div>
      <div
        class="actionLogList_actionLog_waveDash"
      >
        ～
      </div>
      <div
        class="actionLogList_actionLog_endAt"
      >
        1970-01-01 09:00:00
      </div>
      <div
        class="actionLogList_actionLog_text"
      >
        5
      </div>
    </div>
    <div
      class="actionLogList_separator"
    >
      ongoing
    </div>
    <div
      class="actionLogList_actionLog_container"
    >
      <div
        class="actionLogList_actionLog_startAt"
      >
        1970-01-01 09:00:00
      </div>
      <div
        class="actionLogList_actionLog_waveDash"
      >
        ～
      </div>
      <div
        class="actionLogList_actionLog_endAt"
      >
        N/A
      </div>
      <div
        class="actionLogList_actionLog_text"
      >
        4
      </div>
    </div>
    <div
      class="actionLogList_actionLog_container"
    >
      <div
        class="actionLogList_actionLog_startAt"
      >
        1970-01-01 09:00:00
      </div>
      <div
        class="actionLogList_actionLog_waveDash"
      >
        ～
      </div>
      <div
        class="actionLogList_actionLog_endAt"
      >
        N/A
      </div>
      <div
        class="actionLogList_actionLog_text"
      >
        1
      </div>
    </div>
    <div
      class="actionLogList_actionLog_container"
    >
      <div
        class="actionLogList_actionLog_startAt"
      >
        1970-01-01 09:00:00
      </div>
      <div
        class="actionLogList_actionLog_waveDash"
      >
        ～
      </div>
      <div
        class="actionLogList_actionLog_endAt"
      >
        N/A
      </div>
      <div
        class="actionLogList_actionLog_text"
      >
        3
      </div>
    </div>
    <div
      class="actionLogList_actionLog_container"
    >
      <div
        class="actionLogList_actionLog_startAt"
      >
        1970-01-01 09:00:00
      </div>
      <div
        class="actionLogList_actionLog_waveDash"
      >
        ～
      </div>
      <div
        class="actionLogList_actionLog_endAt"
      >
        N/A
      </div>
      <div
        class="actionLogList_actionLog_text"
      >
        2
      </div>
    </div>
    
    
  </div>
</div>
`;

exports[`display > tentative actionLogs follows ongoing actionLogs and sorted by id 1`] = `
<div>
  <div
    class="actionLogList_container"
  >
    <div
      class="actionLogList_separator"
    >
      1970-01-01
    </div>
    <div
      class="actionLogList_actionLog_container"
    >
      <div
        class="actionLogList_actionLog_startAt"
      >
        1970-01-01 09:00:00
      </div>
      <div
        class="actionLogList_actionLog_waveDash"
      >
        ～
      </div>
      <div
        class="actionLogList_actionLog_endAt"
      >
        1970-01-01 09:00:00
      </div>
      <div
        class="actionLogList_actionLog_text"
      >
        12
      </div>
    </div>
    <div
      class="actionLogList_actionLog_container"
    >
      <div
        class="actionLogList_actionLog_startAt"
      >
        1970-01-01 09:00:00
      </div>
      <div
        class="actionLogList_actionLog_waveDash"
      >
        ～
      </div>
      <div
        class="actionLogList_actionLog_endAt"
      >
        1970-01-01 09:00:00
      </div>
      <div
        class="actionLogList_actionLog_text"
      >
        09
      </div>
    </div>
    <div
      class="actionLogList_actionLog_container"
    >
      <div
        class="actionLogList_actionLog_startAt"
      >
        1970-01-01 09:00:00
      </div>
      <div
        class="actionLogList_actionLog_waveDash"
      >
        ～
      </div>
      <div
        class="actionLogList_actionLog_endAt"
      >
        1970-01-01 09:00:00
      </div>
      <div
        class="actionLogList_actionLog_text"
      >
        11
      </div>
    </div>
    <div
      class="actionLogList_actionLog_container"
    >
      <div
        class="actionLogList_actionLog_startAt"
      >
        1970-01-01 09:00:00
      </div>
      <div
        class="actionLogList_actionLog_waveDash"
      >
        ～
      </div>
      <div
        class="actionLogList_actionLog_endAt"
      >
        1970-01-01 09:00:00
      </div>
      <div
        class="actionLogList_actionLog_text"
      >
        10
      </div>
    </div>
    <div
      class="actionLogList_separator"
    >
      ongoing
    </div>
    <div
      class="actionLogList_actionLog_container"
    >
      <div
        class="actionLogList_actionLog_startAt"
      >
        1970-01-01 09:00:00
      </div>
      <div
        class="actionLogList_actionLog_waveDash"
      >
        ～
      </div>
      <div
        class="actionLogList_actionLog_endAt"
      >
        N/A
      </div>
      <div
        class="actionLogList_actionLog_text"
      >
        07
      </div>
    </div>
    <div
      class="actionLogList_actionLog_container"
    >
      <div
        class="actionLogList_actionLog_startAt"
      >
        1970-01-01 09:00:00
      </div>
      <div
        class="actionLogList_actionLog_waveDash"
      >
        ～
      </div>
      <div
        class="actionLogList_actionLog_endAt"
      >
        N/A
      </div>
      <div
        class="actionLogList_actionLog_text"
      >
        08
      </div>
    </div>
    <div
      class="actionLogList_actionLog_container"
    >
      <div
        class="actionLogList_actionLog_startAt"
      >
        1970-01-01 09:00:00
      </div>
      <div
        class="actionLogList_actionLog_waveDash"
      >
        ～
      </div>
      <div
        class="actionLogList_actionLog_endAt"
      >
        N/A
      </div>
      <div
        class="actionLogList_actionLog_text"
      >
        06
      </div>
    </div>
    <div
      class="actionLogList_actionLog_container"
    >
      <div
        class="actionLogList_actionLog_startAt"
      >
        1970-01-01 09:00:00
      </div>
      <div
        class="actionLogList_actionLog_waveDash"
      >
        ～
      </div>
      <div
        class="actionLogList_actionLog_endAt"
      >
        N/A
      </div>
      <div
        class="actionLogList_actionLog_text"
      >
        05
      </div>
    </div>
    <div
      class="actionLogList_separator"
    >
      tentative
    </div>
    <div
      class="actionLogList_actionLog_container"
    >
      <div
        class="actionLogList_actionLog_startAt"
      >
        N/A
      </div>
      <div
        class="actionLogList_actionLog_waveDash"
      >
        ～
      </div>
      <div
        class="actionLogList_actionLog_endAt"
      >
        N/A
      </div>
      <div
        class="actionLogList_actionLog_text"
      >
        01
      </div>
    </div>
    <div
      class="actionLogList_actionLog_container"
    >
      <div
        class="actionLogList_actionLog_startAt"
      >
        N/A
      </div>
      <div
        class="actionLogList_actionLog_waveDash"
      >
        ～
      </div>
      <div
        class="actionLogList_actionLog_endAt"
      >
        N/A
      </div>
      <div
        class="actionLogList_actionLog_text"
      >
        02
      </div>
    </div>
    <div
      class="actionLogList_actionLog_container"
    >
      <div
        class="actionLogList_actionLog_startAt"
      >
        N/A
      </div>
      <div
        class="actionLogList_actionLog_waveDash"
      >
        ～
      </div>
      <div
        class="actionLogList_actionLog_endAt"
      >
        N/A
      </div>
      <div
        class="actionLogList_actionLog_text"
      >
        03
      </div>
    </div>
    <div
      class="actionLogList_actionLog_container"
    >
      <div
        class="actionLogList_actionLog_startAt"
      >
        N/A
      </div>
      <div
        class="actionLogList_actionLog_waveDash"
      >
        ～
      </div>
      <div
        class="actionLogList_actionLog_endAt"
      >
        N/A
      </div>
      <div
        class="actionLogList_actionLog_text"
      >
        04
      </div>
    </div>
  </div>
</div>
`;
